// Jest Snapshot v1, https://goo.gl/fbAQLP

exports[`Counter Component Must match with the snapshot 1`] = `
<h2>Counter</h2>
<p>5 <sup>2</sup> = 25</p>
<div class="buttons-container"><button>- 1</button><button>+ 1</button></div>
`;
